// Jest Snapshot v1, https://goo.gl/fbAQLP

exports[`Button component Button should render macth snapshot 1`] = `
<DocumentFragment>
  <button
    aria-label="button-element"
    class="bg-primary-100 flex items-center py-2.5 rounded-xl hover:opacity-80 undefined undefined"
  >
    <h2
      aria-level="2"
      class="text-xsm font-medium text-dark-100 leading-5"
      role="heading"
    >
      Subcriber
    </h2>
  </button>
</DocumentFragment>
`;
