// Jest Snapshot v1, https://goo.gl/fbAQLP

exports[`Header feature component Header should render macth snapshot 1`] = `
<DocumentFragment>
  <header
    class="header container flex flex-col items-center justify-center bg-white-100 h-auto mx-auto mt-11 sm:mt-4 lg:mt-11 lg:flex-row"
  >
    <div
      class="h-12 w-full flex items-center justify-between"
    >
      <div
        class="flex items-center w-full sm:w-166 lg:flex-0 lg:justify-between"
      >
        <div
          class="mr-7.5 lg:hidden"
        >
          <div>
            <button
              aria-label="box-button"
              class="w-12 h-12 bg-white-90 flex items-center justify-center rounded-xl w-12"
            >
              <svg
                fill="none"
                height="16"
                width="18"
                xmlns="http://www.w3.org/2000/svg"
              >
                <path
                  d="M.25 1.75C.25 1.086.797.5 1.5.5h15c.664 0 1.25.586 1.25 1.25 0 .703-.586 1.25-1.25 1.25h-15C.797 3 .25 2.453.25 1.75ZM.25 8c0-.664.547-1.25 1.25-1.25h15c.664 0 1.25.586 1.25 1.25 0 .703-.586 1.25-1.25 1.25h-15C.797 9.25.25 8.703.25 8Zm16.25 7.5h-15c-.703 0-1.25-.547-1.25-1.25C.25 13.586.797 13 1.5 13h15c.664 0 1.25.586 1.25 1.25 0 .703-.586 1.25-1.25 1.25Z"
                  fill="#3E3232"
                />
              </svg>
            </button>
          </div>
        </div>
        <div
          class="flex flex-1 sm:hidden"
        >
          <label
            class="relative flex-1"
            for="search"
          >
            <div
              class="absolute left-6 top-4"
            >
              <svg
                data-testid="three-dots-icon"
                fill="none"
                height="18"
                width="6"
                xmlns="http://www.w3.org/2000/svg"
              >
                <path
                  d="M3 13.063c1.172 0 2.188 1.015 2.188 2.187 0 1.21-1.016 2.188-2.188 2.188A2.184 2.184 0 0 1 .812 15.25c0-1.172.977-2.188 2.188-2.188Zm0-6.25c1.172 0 2.188 1.015 2.188 2.187 0 1.21-1.016 2.188-2.188 2.188A2.184 2.184 0 0 1 .812 9c0-1.172.977-2.188 2.188-2.188Zm0-1.875A2.184 2.184 0 0 1 .812 2.75C.813 1.578 1.79.562 3 .562c1.172 0 2.188 1.016 2.188 2.188 0 1.21-1.016 2.188-2.188 2.188Z"
                  fill="#3E3232"
                  fill-opacity="0.75"
                />
              </svg>
            </div>
            <div
              class="absolute right-4 top-3"
            >
              <svg
                data-testid="search-icon"
                fill="none"
                height="22"
                width="22"
                xmlns="http://www.w3.org/2000/svg"
              >
                <path
                  d="M20.531 18.344a1.63 1.63 0 0 1 0 2.226 1.63 1.63 0 0 1-2.226 0l-4.649-4.687c-1.601 1.055-3.554 1.601-5.664 1.328-3.594-.508-6.484-3.438-6.953-6.992-.664-5.313 3.828-9.805 9.14-9.14 3.555.468 6.485 3.359 6.993 6.952a8.111 8.111 0 0 1-1.328 5.625l4.687 4.688ZM4.086 9.125c0 2.773 2.226 5 5 5 2.734 0 5-2.227 5-5 0-2.734-2.266-5-5-5-2.774 0-5 2.266-5 5Z"
                  fill="#3E3232"
                />
              </svg>
            </div>
            <input
              class="w-full h-12 bg-white-90 placeholder-dark-100 rounded-xl outline-none px-14"
              id="search"
              name="search"
              placeholder="Search everything"
              type="text"
            />
          </label>
        </div>
        <div
          class="hidden sm:block"
        >
          <a
            href="/"
          >
            <h1
              class="text-lg font-bold text-secondary-100"
            >
              MEGA.news
            </h1>
          </a>
        </div>
        <nav
          class="hidden w-119 items-center justify-center lg:flex"
        >
          <div
            class="mr-8"
          >
            <div
              class="flex items-center relative hover:cursor-pointer"
              data-testid="menu-item"
            >
              <p
                class="text-sm font-medium text-dark-100 hover:text-primary-100 mr-2"
              >
                Categories
              </p>
              <svg
                fill="none"
                height="7"
                width="12"
                xmlns="http://www.w3.org/2000/svg"
              >
                <path
                  d="M6 6.75a.866.866 0 0 1-.629-.246L.996 2.129a.843.843 0 0 1 0-1.23.843.843 0 0 1 1.23 0L6 4.644 9.746.898a.843.843 0 0 1 1.23 0 .843.843 0 0 1 0 1.23L6.603 6.505A.848.848 0 0 1 6 6.75Z"
                  fill="#3E3232"
                  fill-opacity="0.5"
                />
              </svg>
            </div>
          </div>
          <div
            class="mr-8"
          >
            <a
              class="flex items-center relative"
              href="/pages"
            >
              <p
                class="text-sm font-medium text-dark-100 hover:text-primary-100"
              >
                Pages
              </p>
            </a>
          </div>
          <div
            class="mr-8"
          >
            <a
              class="flex items-center relative"
              href="/contact"
            >
              <p
                class="text-sm font-medium text-dark-100 hover:text-primary-100"
              >
                Contact Us
              </p>
            </a>
          </div>
          <a
            class="flex items-center relative"
            href="/about"
          >
            <p
              class="text-sm font-medium text-dark-100 hover:text-primary-100"
            >
              About Us
            </p>
          </a>
        </nav>
      </div>
      <div
        class="w-87.5 items-center justify-end hidden sm:flex lg:w-164"
      >
        <label
          class="relative mr-6 hidden xl:block"
          for="search"
        >
          <div
            class="absolute left-6 top-4"
          >
            <svg
              data-testid="three-dots-icon"
              fill="none"
              height="18"
              width="6"
              xmlns="http://www.w3.org/2000/svg"
            >
              <path
                d="M3 13.063c1.172 0 2.188 1.015 2.188 2.187 0 1.21-1.016 2.188-2.188 2.188A2.184 2.184 0 0 1 .812 15.25c0-1.172.977-2.188 2.188-2.188Zm0-6.25c1.172 0 2.188 1.015 2.188 2.187 0 1.21-1.016 2.188-2.188 2.188A2.184 2.184 0 0 1 .812 9c0-1.172.977-2.188 2.188-2.188Zm0-1.875A2.184 2.184 0 0 1 .812 2.75C.813 1.578 1.79.562 3 .562c1.172 0 2.188 1.016 2.188 2.188 0 1.21-1.016 2.188-2.188 2.188Z"
                fill="#3E3232"
                fill-opacity="0.75"
              />
            </svg>
          </div>
          <div
            class="absolute right-4 top-3"
          >
            <svg
              data-testid="search-icon"
              fill="none"
              height="22"
              width="22"
              xmlns="http://www.w3.org/2000/svg"
            >
              <path
                d="M20.531 18.344a1.63 1.63 0 0 1 0 2.226 1.63 1.63 0 0 1-2.226 0l-4.649-4.687c-1.601 1.055-3.554 1.601-5.664 1.328-3.594-.508-6.484-3.438-6.953-6.992-.664-5.313 3.828-9.805 9.14-9.14 3.555.468 6.485 3.359 6.993 6.952a8.111 8.111 0 0 1-1.328 5.625l4.687 4.688ZM4.086 9.125c0 2.773 2.226 5 5 5 2.734 0 5-2.227 5-5 0-2.734-2.266-5-5-5-2.774 0-5 2.266-5 5Z"
                fill="#3E3232"
              />
            </svg>
          </div>
          <input
            class="h-12 bg-white-90 placeholder-dark-100 rounded-xl outline-none px-14 lg:w-100"
            id="search"
            name="search"
            placeholder="Search Anything"
            type="text"
          />
        </label>
        <div
          class="flex xl:flex-1 justify-between"
        >
          <div
            class="flex items-center mr-8 xl:mr-0"
          >
            <div
              style="width: 48px; height: 48px; position: relative;"
            >
              <img
                alt="Avatar"
                class="rounded-xl"
                data-nimg="fill"
                decoding="async"
                loading="lazy"
                sizes="100vw"
                src="/_next/image?url=https%3A%2F%2Fimages.unsplash.com%2Fphoto-1535713875002-d1d0cf377fde%3Fq%3D80%26w%3D2680%26auto%3Dformat%26fit%3Dcrop%26ixlib%3Drb-4.0.3%26ixid%3DM3wxMjA3fDB8MHxwaG90by1wYWdlfHx8fGVufDB8fHx8fA%253D%253D&w=3840&q=75"
                srcset="/_next/image?url=https%3A%2F%2Fimages.unsplash.com%2Fphoto-1535713875002-d1d0cf377fde%3Fq%3D80%26w%3D2680%26auto%3Dformat%26fit%3Dcrop%26ixlib%3Drb-4.0.3%26ixid%3DM3wxMjA3fDB8MHxwaG90by1wYWdlfHx8fGVufDB8fHx8fA%253D%253D&w=640&q=75 640w, /_next/image?url=https%3A%2F%2Fimages.unsplash.com%2Fphoto-1535713875002-d1d0cf377fde%3Fq%3D80%26w%3D2680%26auto%3Dformat%26fit%3Dcrop%26ixlib%3Drb-4.0.3%26ixid%3DM3wxMjA3fDB8MHxwaG90by1wYWdlfHx8fGVufDB8fHx8fA%253D%253D&w=750&q=75 750w, /_next/image?url=https%3A%2F%2Fimages.unsplash.com%2Fphoto-1535713875002-d1d0cf377fde%3Fq%3D80%26w%3D2680%26auto%3Dformat%26fit%3Dcrop%26ixlib%3Drb-4.0.3%26ixid%3DM3wxMjA3fDB8MHxwaG90by1wYWdlfHx8fGVufDB8fHx8fA%253D%253D&w=828&q=75 828w, /_next/image?url=https%3A%2F%2Fimages.unsplash.com%2Fphoto-1535713875002-d1d0cf377fde%3Fq%3D80%26w%3D2680%26auto%3Dformat%26fit%3Dcrop%26ixlib%3Drb-4.0.3%26ixid%3DM3wxMjA3fDB8MHxwaG90by1wYWdlfHx8fGVufDB8fHx8fA%253D%253D&w=1080&q=75 1080w, /_next/image?url=https%3A%2F%2Fimages.unsplash.com%2Fphoto-1535713875002-d1d0cf377fde%3Fq%3D80%26w%3D2680%26auto%3Dformat%26fit%3Dcrop%26ixlib%3Drb-4.0.3%26ixid%3DM3wxMjA3fDB8MHxwaG90by1wYWdlfHx8fGVufDB8fHx8fA%253D%253D&w=1200&q=75 1200w, /_next/image?url=https%3A%2F%2Fimages.unsplash.com%2Fphoto-1535713875002-d1d0cf377fde%3Fq%3D80%26w%3D2680%26auto%3Dformat%26fit%3Dcrop%26ixlib%3Drb-4.0.3%26ixid%3DM3wxMjA3fDB8MHxwaG90by1wYWdlfHx8fGVufDB8fHx8fA%253D%253D&w=1920&q=75 1920w, /_next/image?url=https%3A%2F%2Fimages.unsplash.com%2Fphoto-1535713875002-d1d0cf377fde%3Fq%3D80%26w%3D2680%26auto%3Dformat%26fit%3Dcrop%26ixlib%3Drb-4.0.3%26ixid%3DM3wxMjA3fDB8MHxwaG90by1wYWdlfHx8fGVufDB8fHx8fA%253D%253D&w=2048&q=75 2048w, /_next/image?url=https%3A%2F%2Fimages.unsplash.com%2Fphoto-1535713875002-d1d0cf377fde%3Fq%3D80%26w%3D2680%26auto%3Dformat%26fit%3Dcrop%26ixlib%3Drb-4.0.3%26ixid%3DM3wxMjA3fDB8MHxwaG90by1wYWdlfHx8fGVufDB8fHx8fA%253D%253D&w=3840&q=75 3840w"
                style="position: absolute; height: 100%; width: 100%; left: 0px; top: 0px; right: 0px; bottom: 0px; object-fit: cover; color: transparent;"
              />
            </div>
            <p
              class="text-sm font-medium text-dark-100 mx-2"
            >
              Behzad
            </p>
            <svg
              fill="none"
              height="7"
              width="12"
              xmlns="http://www.w3.org/2000/svg"
            >
              <path
                d="M6 6.75a.866.866 0 0 1-.629-.246L.996 2.129a.843.843 0 0 1 0-1.23.843.843 0 0 1 1.23 0L6 4.644 9.746.898a.843.843 0 0 1 1.23 0 .843.843 0 0 1 0 1.23L6.603 6.505A.848.848 0 0 1 6 6.75Z"
                fill="#3E3232"
                fill-opacity="0.5"
              />
            </svg>
          </div>
          <button
            aria-label="box-button"
            class="w-12 h-12 bg-white-90 flex items-center justify-center rounded-xl w-12"
          >
            <svg
              fill="none"
              height="21"
              width="16"
              xmlns="http://www.w3.org/2000/svg"
            >
              <path
                d="M13.625 0C14.641 0 15.5.86 15.5 1.875V18.75c0 .977-1.055 1.563-1.914 1.094L8 16.562l-5.625 3.282C1.515 20.312.5 19.727.5 18.75V1.875C.5.859 1.32 0 2.375 0h11.25Zm0 17.656V2.11c0-.117-.117-.234-.273-.234H2.57c-.117 0-.195.117-.195.234v15.547L8 14.375l5.625 3.281Z"
                fill="#3E3232"
              />
            </svg>
          </button>
        </div>
      </div>
    </div>
    <div
      class="container h-14 hidden my-5 sm:flex lg:hidden"
    >
      <label
        class="relative flex-1"
        for="search"
      >
        <div
          class="absolute left-6 top-4"
        >
          <svg
            data-testid="three-dots-icon"
            fill="none"
            height="18"
            width="6"
            xmlns="http://www.w3.org/2000/svg"
          >
            <path
              d="M3 13.063c1.172 0 2.188 1.015 2.188 2.187 0 1.21-1.016 2.188-2.188 2.188A2.184 2.184 0 0 1 .812 15.25c0-1.172.977-2.188 2.188-2.188Zm0-6.25c1.172 0 2.188 1.015 2.188 2.187 0 1.21-1.016 2.188-2.188 2.188A2.184 2.184 0 0 1 .812 9c0-1.172.977-2.188 2.188-2.188Zm0-1.875A2.184 2.184 0 0 1 .812 2.75C.813 1.578 1.79.562 3 .562c1.172 0 2.188 1.016 2.188 2.188 0 1.21-1.016 2.188-2.188 2.188Z"
              fill="#3E3232"
              fill-opacity="0.75"
            />
          </svg>
        </div>
        <div
          class="absolute right-4 top-3"
        >
          <svg
            data-testid="search-icon"
            fill="none"
            height="22"
            width="22"
            xmlns="http://www.w3.org/2000/svg"
          >
            <path
              d="M20.531 18.344a1.63 1.63 0 0 1 0 2.226 1.63 1.63 0 0 1-2.226 0l-4.649-4.687c-1.601 1.055-3.554 1.601-5.664 1.328-3.594-.508-6.484-3.438-6.953-6.992-.664-5.313 3.828-9.805 9.14-9.14 3.555.468 6.485 3.359 6.993 6.952a8.111 8.111 0 0 1-1.328 5.625l4.687 4.688ZM4.086 9.125c0 2.773 2.226 5 5 5 2.734 0 5-2.227 5-5 0-2.734-2.266-5-5-5-2.774 0-5 2.266-5 5Z"
              fill="#3E3232"
            />
          </svg>
        </div>
        <input
          class="w-full h-12 bg-white-90 placeholder-dark-100 rounded-xl outline-none px-14"
          id="search"
          name="search"
          placeholder="Search everything"
          type="text"
        />
      </label>
    </div>
  </header>
</DocumentFragment>
`;
