// Jest Snapshot v1, https://goo.gl/fbAQLP

exports[`TextArea component should render TextArea macth snapshot 1`] = `
<DocumentFragment>
  <div
    class="w-full"
  >
    <label
      class="block text-dark-100 text-sm font-medium mb-4"
      for="textarea"
    >
      Comment
    </label>
    <textarea
      class="rounded-2xl w-full h-36 sm:h-63 py-6 px-5 bg-white-90 text-dark-90 placeholder-dark-50 leading-tight focus:outline-none focus:shadow-outline"
      id="textarea"
      placeholder="Please enter your comment"
    />
  </div>
</DocumentFragment>
`;
