// Jest Snapshot v1, https://goo.gl/fbAQLP

exports[`Video component should render Video macth snapshot 1`] = `
<DocumentFragment>
  <div
    class="h-full w-full relative rounded-xl flex justify-center bg-transparent p-2.5 hover:cursor-pointer"
  >
    <img
      alt="panel of video"
      class="rounded-xl absolute"
      data-nimg="fill"
      decoding="async"
      loading="lazy"
      sizes="100vw"
      src="/_next/image?url=https%3A%2F%2Fimages.unsplash.com%2Fphoto-1717496002081-38a90d3cba26%3Fw%3D500%26auto%3Dformat%26fit%3Dcrop%26q%3D60%26ixlib%3Drb-4.0.3%26ixid%3DM3wxMjA3fDB8MHxlZGl0b3JpYWwtZmVlZHw2fHx8ZW58MHx8fHx8&w=3840&q=75"
      srcset="/_next/image?url=https%3A%2F%2Fimages.unsplash.com%2Fphoto-1717496002081-38a90d3cba26%3Fw%3D500%26auto%3Dformat%26fit%3Dcrop%26q%3D60%26ixlib%3Drb-4.0.3%26ixid%3DM3wxMjA3fDB8MHxlZGl0b3JpYWwtZmVlZHw2fHx8ZW58MHx8fHx8&w=640&q=75 640w, /_next/image?url=https%3A%2F%2Fimages.unsplash.com%2Fphoto-1717496002081-38a90d3cba26%3Fw%3D500%26auto%3Dformat%26fit%3Dcrop%26q%3D60%26ixlib%3Drb-4.0.3%26ixid%3DM3wxMjA3fDB8MHxlZGl0b3JpYWwtZmVlZHw2fHx8ZW58MHx8fHx8&w=750&q=75 750w, /_next/image?url=https%3A%2F%2Fimages.unsplash.com%2Fphoto-1717496002081-38a90d3cba26%3Fw%3D500%26auto%3Dformat%26fit%3Dcrop%26q%3D60%26ixlib%3Drb-4.0.3%26ixid%3DM3wxMjA3fDB8MHxlZGl0b3JpYWwtZmVlZHw2fHx8ZW58MHx8fHx8&w=828&q=75 828w, /_next/image?url=https%3A%2F%2Fimages.unsplash.com%2Fphoto-1717496002081-38a90d3cba26%3Fw%3D500%26auto%3Dformat%26fit%3Dcrop%26q%3D60%26ixlib%3Drb-4.0.3%26ixid%3DM3wxMjA3fDB8MHxlZGl0b3JpYWwtZmVlZHw2fHx8ZW58MHx8fHx8&w=1080&q=75 1080w, /_next/image?url=https%3A%2F%2Fimages.unsplash.com%2Fphoto-1717496002081-38a90d3cba26%3Fw%3D500%26auto%3Dformat%26fit%3Dcrop%26q%3D60%26ixlib%3Drb-4.0.3%26ixid%3DM3wxMjA3fDB8MHxlZGl0b3JpYWwtZmVlZHw2fHx8ZW58MHx8fHx8&w=1200&q=75 1200w, /_next/image?url=https%3A%2F%2Fimages.unsplash.com%2Fphoto-1717496002081-38a90d3cba26%3Fw%3D500%26auto%3Dformat%26fit%3Dcrop%26q%3D60%26ixlib%3Drb-4.0.3%26ixid%3DM3wxMjA3fDB8MHxlZGl0b3JpYWwtZmVlZHw2fHx8ZW58MHx8fHx8&w=1920&q=75 1920w, /_next/image?url=https%3A%2F%2Fimages.unsplash.com%2Fphoto-1717496002081-38a90d3cba26%3Fw%3D500%26auto%3Dformat%26fit%3Dcrop%26q%3D60%26ixlib%3Drb-4.0.3%26ixid%3DM3wxMjA3fDB8MHxlZGl0b3JpYWwtZmVlZHw2fHx8ZW58MHx8fHx8&w=2048&q=75 2048w, /_next/image?url=https%3A%2F%2Fimages.unsplash.com%2Fphoto-1717496002081-38a90d3cba26%3Fw%3D500%26auto%3Dformat%26fit%3Dcrop%26q%3D60%26ixlib%3Drb-4.0.3%26ixid%3DM3wxMjA3fDB8MHxlZGl0b3JpYWwtZmVlZHw2fHx8ZW58MHx8fHx8&w=3840&q=75 3840w"
      style="position: absolute; height: 100%; width: 100%; left: 0px; top: 0px; right: 0px; bottom: 0px; color: transparent;"
    />
    <div
      class="hidden sm:block absolute left-2 xl:left-2.5 bottom-4 p-4 w-[97%] bg-white-75 rounded-xl opacity-90"
    >
      <h2
        aria-level="2"
        class="text-md font-medium text-black-100"
        role="heading"
      >
        How Music Affects Your Brain (Plus 11 Artists To Listen To At Work)
      </h2>
      <h3
        aria-level="3"
        class="text-xsm font-light text-dark-100 h-10 w-full pr-10 leading-5 text-ellipsis overflow-hidden "
        role="heading"
      >
        Youâ€™ve Read All Your Free Member-Only Stories, Become A Member To Get Unlimited Access. Your Membership Fee Supports The Voices You Want To Hear More From.
      </h3>
    </div>
    <div
      class="absolute flex items-center justify-center w-30 h-30 mt-32 sm:mt-24 bg-white-90 opacity-85 rounded-full hover:cursor-pointer"
    >
      <div
        class="ml-1"
      >
        <svg
          data-testid="triangle-icon"
          fill="none"
          height="44"
          width="36"
          xmlns="http://www.w3.org/2000/svg"
        >
          <path
            d="M33.844 18.156C35.156 19 36 20.5 36 22c0 1.594-.844 3.094-2.156 3.844l-27 16.5c-1.407.843-3.188.937-4.594.093C.844 41.688 0 40.188 0 38.5v-33c0-1.594.844-3.094 2.25-3.844a4.285 4.285 0 0 1 4.594.094l27 16.406Z"
            fill="#F81539"
          />
        </svg>
      </div>
    </div>
  </div>
</DocumentFragment>
`;
