// Jest Snapshot v1, https://goo.gl/fbAQLP

exports[`Tag component should render Tag macth snapshot 1`] = `
<DocumentFragment>
  <div
    class="flex undefined"
  >
    <div
      class="mr-2"
    >
      <svg
        data-testid="file-icon"
        fill="none"
        height="13"
        width="15"
        xmlns="http://www.w3.org/2000/svg"
      >
        <path
          d="M12.723 2.375c.984 0 1.75.793 1.75 1.75v7c0 .984-.793 1.75-1.75 1.75h-10.5c-.985 0-1.75-.766-1.75-1.75v-8.75c0-.957.765-1.75 1.75-1.75h3.226c.465 0 .903.191 1.23.52l1.34 1.23h4.704Zm.437 8.75v-7a.47.47 0 0 0-.437-.438h-5.25l-1.75-1.613a.44.44 0 0 0-.301-.136h-3.2a.45.45 0 0 0-.437.437v8.75c0 .246.192.438.438.438h10.5a.45.45 0 0 0 .437-.438Z"
          fill="#3E3232"
          fill-opacity="0.5"
        />
      </svg>
    </div>
    <p
      class="text-md font-medium text-dark-75 text-xsm leading-4"
      role="heading"
    >
      Categories: Sport
    </p>
  </div>
</DocumentFragment>
`;
