// Jest Snapshot v1, https://goo.gl/fbAQLP

exports[`PaperPost component should render PaperPost macth snapshot 1`] = `
<DocumentFragment>
  <div
    class="flex"
  >
    <img
      alt="This is museum"
      class="rounded-xl"
      data-nimg="1"
      decoding="async"
      height="87"
      loading="lazy"
      src="/_next/image?url=https%3A%2F%2Fimages.unsplash.com%2Fphoto-1563026915-32eba3e315de%3Fq%3D80%26w%3D2531%26auto%3Dformat%26fit%3Dcrop%26ixlib%3Drb-4.0.3%26ixid%3DM3wxMjA3fDB8MHxwaG90by1wYWdlfHx8fGVufDB8fHx8fA%253D%253D&w=256&q=75"
      srcset="/_next/image?url=https%3A%2F%2Fimages.unsplash.com%2Fphoto-1563026915-32eba3e315de%3Fq%3D80%26w%3D2531%26auto%3Dformat%26fit%3Dcrop%26ixlib%3Drb-4.0.3%26ixid%3DM3wxMjA3fDB8MHxwaG90by1wYWdlfHx8fGVufDB8fHx8fA%253D%253D&w=96&q=75 1x, /_next/image?url=https%3A%2F%2Fimages.unsplash.com%2Fphoto-1563026915-32eba3e315de%3Fq%3D80%26w%3D2531%26auto%3Dformat%26fit%3Dcrop%26ixlib%3Drb-4.0.3%26ixid%3DM3wxMjA3fDB8MHxwaG90by1wYWdlfHx8fGVufDB8fHx8fA%253D%253D&w=256&q=75 2x"
      style="color: transparent; height: 87px;"
      width="87"
    />
    <div
      class="flex flex-col gap-1.5 ml-2.5 my-3"
    >
      <p
        aria-level="7"
        class="text-xs font-medium text-dark-100"
        role="heading"
      >
        The Privs museum close on 5AM
      </p>
      <p
        aria-level="7"
        class="text-md font-light text-dark-75 text-p"
        role="heading"
      >
        The Privs start close and maintain all of the wall
      </p>
    </div>
  </div>
</DocumentFragment>
`;
